// Jest Snapshot v1, https://goo.gl/fbAQLP

exports[`DataNav should render component 1`] = `
ShallowWrapper {
  Symbol(enzyme.__root__): [Circular],
  Symbol(enzyme.__unrendered__): <DataNav />,
  Symbol(enzyme.__renderer__): Object {
    "batchedUpdates": [Function],
    "getNode": [Function],
    "render": [Function],
    "simulateError": [Function],
    "simulateEvent": [Function],
    "unmount": [Function],
  },
  Symbol(enzyme.__node__): Object {
    "instance": null,
    "key": undefined,
    "nodeType": "host",
    "props": Object {
      "children": <div
        className="filter-nav"
>
        <div
                className="filter-title"
                onClick={[Function]}
        >
                <h3>
                        Summary Pages
                </h3>
        </div>
        <h3
                className="break-line title"
        />
        <h4
                onClick={[Function]}
        >
                Websites
        </h4>
        <h4
                onClick={[Function]}
        >
                Youtube
        </h4>
        <h4
                onClick={[Function]}
        >
                Netflix
        </h4>
        <h4
                onClick={[Function]}
        >
                Reddit
        </h4>
</div>,
      "className": "panel-left-nav",
    },
    "ref": null,
    "rendered": Object {
      "instance": null,
      "key": undefined,
      "nodeType": "host",
      "props": Object {
        "children": Array [
          <div
            className="filter-title"
            onClick={[Function]}
>
            <h3>
                        Summary Pages
            </h3>
</div>,
          <h3
            className="break-line title"
/>,
          <h4
            onClick={[Function]}
>
            Websites
</h4>,
          <h4
            onClick={[Function]}
>
            Youtube
</h4>,
          <h4
            onClick={[Function]}
>
            Netflix
</h4>,
          <h4
            onClick={[Function]}
>
            Reddit
</h4>,
        ],
        "className": "filter-nav",
      },
      "ref": null,
      "rendered": Array [
        Object {
          "instance": null,
          "key": undefined,
          "nodeType": "host",
          "props": Object {
            "children": <h3>
              Summary Pages
</h3>,
            "className": "filter-title",
            "onClick": [Function],
          },
          "ref": null,
          "rendered": Object {
            "instance": null,
            "key": undefined,
            "nodeType": "host",
            "props": Object {
              "children": "Summary Pages",
            },
            "ref": null,
            "rendered": "Summary Pages",
            "type": "h3",
          },
          "type": "div",
        },
        Object {
          "instance": null,
          "key": undefined,
          "nodeType": "host",
          "props": Object {
            "className": "break-line title",
          },
          "ref": null,
          "rendered": null,
          "type": "h3",
        },
        Object {
          "instance": null,
          "key": undefined,
          "nodeType": "host",
          "props": Object {
            "children": "Websites",
            "onClick": [Function],
          },
          "ref": null,
          "rendered": "Websites",
          "type": "h4",
        },
        Object {
          "instance": null,
          "key": undefined,
          "nodeType": "host",
          "props": Object {
            "children": "Youtube",
            "onClick": [Function],
          },
          "ref": null,
          "rendered": "Youtube",
          "type": "h4",
        },
        Object {
          "instance": null,
          "key": undefined,
          "nodeType": "host",
          "props": Object {
            "children": "Netflix",
            "onClick": [Function],
          },
          "ref": null,
          "rendered": "Netflix",
          "type": "h4",
        },
        Object {
          "instance": null,
          "key": undefined,
          "nodeType": "host",
          "props": Object {
            "children": "Reddit",
            "onClick": [Function],
          },
          "ref": null,
          "rendered": "Reddit",
          "type": "h4",
        },
      ],
      "type": "div",
    },
    "type": "div",
  },
  Symbol(enzyme.__nodes__): Array [
    Object {
      "instance": null,
      "key": undefined,
      "nodeType": "host",
      "props": Object {
        "children": <div
          className="filter-nav"
>
          <div
                    className="filter-title"
                    onClick={[Function]}
          >
                    <h3>
                              Summary Pages
                    </h3>
          </div>
          <h3
                    className="break-line title"
          />
          <h4
                    onClick={[Function]}
          >
                    Websites
          </h4>
          <h4
                    onClick={[Function]}
          >
                    Youtube
          </h4>
          <h4
                    onClick={[Function]}
          >
                    Netflix
          </h4>
          <h4
                    onClick={[Function]}
          >
                    Reddit
          </h4>
</div>,
        "className": "panel-left-nav",
      },
      "ref": null,
      "rendered": Object {
        "instance": null,
        "key": undefined,
        "nodeType": "host",
        "props": Object {
          "children": Array [
            <div
              className="filter-title"
              onClick={[Function]}
>
              <h3>
                            Summary Pages
              </h3>
</div>,
            <h3
              className="break-line title"
/>,
            <h4
              onClick={[Function]}
>
              Websites
</h4>,
            <h4
              onClick={[Function]}
>
              Youtube
</h4>,
            <h4
              onClick={[Function]}
>
              Netflix
</h4>,
            <h4
              onClick={[Function]}
>
              Reddit
</h4>,
          ],
          "className": "filter-nav",
        },
        "ref": null,
        "rendered": Array [
          Object {
            "instance": null,
            "key": undefined,
            "nodeType": "host",
            "props": Object {
              "children": <h3>
                Summary Pages
</h3>,
              "className": "filter-title",
              "onClick": [Function],
            },
            "ref": null,
            "rendered": Object {
              "instance": null,
              "key": undefined,
              "nodeType": "host",
              "props": Object {
                "children": "Summary Pages",
              },
              "ref": null,
              "rendered": "Summary Pages",
              "type": "h3",
            },
            "type": "div",
          },
          Object {
            "instance": null,
            "key": undefined,
            "nodeType": "host",
            "props": Object {
              "className": "break-line title",
            },
            "ref": null,
            "rendered": null,
            "type": "h3",
          },
          Object {
            "instance": null,
            "key": undefined,
            "nodeType": "host",
            "props": Object {
              "children": "Websites",
              "onClick": [Function],
            },
            "ref": null,
            "rendered": "Websites",
            "type": "h4",
          },
          Object {
            "instance": null,
            "key": undefined,
            "nodeType": "host",
            "props": Object {
              "children": "Youtube",
              "onClick": [Function],
            },
            "ref": null,
            "rendered": "Youtube",
            "type": "h4",
          },
          Object {
            "instance": null,
            "key": undefined,
            "nodeType": "host",
            "props": Object {
              "children": "Netflix",
              "onClick": [Function],
            },
            "ref": null,
            "rendered": "Netflix",
            "type": "h4",
          },
          Object {
            "instance": null,
            "key": undefined,
            "nodeType": "host",
            "props": Object {
              "children": "Reddit",
              "onClick": [Function],
            },
            "ref": null,
            "rendered": "Reddit",
            "type": "h4",
          },
        ],
        "type": "div",
      },
      "type": "div",
    },
  ],
  Symbol(enzyme.__options__): Object {
    "adapter": ReactSixteenAdapter {
      "options": Object {
        "enableComponentDidUpdateOnSetState": true,
        "lifecycles": Object {
          "componentDidUpdate": Object {
            "onSetState": true,
          },
          "getDerivedStateFromProps": true,
          "getSnapshotBeforeUpdate": true,
          "setState": Object {
            "skipsComponentDidUpdateOnNullish": true,
          },
        },
      },
    },
    "attachTo": undefined,
    "hydrateIn": undefined,
  },
}
`;
