// Jest Snapshot v1, https://goo.gl/fbAQLP

exports[`DeleteAccountPanel should render component 1`] = `
ShallowWrapper {
  Symbol(enzyme.__root__): [Circular],
  Symbol(enzyme.__unrendered__): <DeleteAccountPanel />,
  Symbol(enzyme.__renderer__): Object {
    "batchedUpdates": [Function],
    "getNode": [Function],
    "render": [Function],
    "simulateError": [Function],
    "simulateEvent": [Function],
    "unmount": [Function],
  },
  Symbol(enzyme.__node__): Object {
    "instance": null,
    "key": undefined,
    "nodeType": "host",
    "props": Object {
      "children": <div
        className="Panel-Container"
>
        <div
                className="Delete-Account-Panel"
        >
                <div
                        className="Title"
                >
                        Are you sure? You will lose all associated data and there is no way to retrieve this again.
                </div>
                <div
                        className="Two-Grid"
                >
                        <div>
                                Yes, I'm sure
                        </div>
                        <div
                                onClick={[Function]}
                        >
                                No, take me back
                        </div>
                </div>
        </div>
</div>,
      "className": "Panel",
    },
    "ref": null,
    "rendered": Object {
      "instance": null,
      "key": undefined,
      "nodeType": "host",
      "props": Object {
        "children": <div
          className="Delete-Account-Panel"
>
          <div
                    className="Title"
          >
                    Are you sure? You will lose all associated data and there is no way to retrieve this again.
          </div>
          <div
                    className="Two-Grid"
          >
                    <div>
                              Yes, I'm sure
                    </div>
                    <div
                              onClick={[Function]}
                    >
                              No, take me back
                    </div>
          </div>
</div>,
        "className": "Panel-Container",
      },
      "ref": null,
      "rendered": Object {
        "instance": null,
        "key": undefined,
        "nodeType": "host",
        "props": Object {
          "children": Array [
            <div
              className="Title"
>
              Are you sure? You will lose all associated data and there is no way to retrieve this again.
</div>,
            <div
              className="Two-Grid"
>
              <div>
                            Yes, I'm sure
              </div>
              <div
                            onClick={[Function]}
              >
                            No, take me back
              </div>
</div>,
          ],
          "className": "Delete-Account-Panel",
        },
        "ref": null,
        "rendered": Array [
          Object {
            "instance": null,
            "key": undefined,
            "nodeType": "host",
            "props": Object {
              "children": "Are you sure? You will lose all associated data and there is no way to retrieve this again.",
              "className": "Title",
            },
            "ref": null,
            "rendered": "Are you sure? You will lose all associated data and there is no way to retrieve this again.",
            "type": "div",
          },
          Object {
            "instance": null,
            "key": undefined,
            "nodeType": "host",
            "props": Object {
              "children": Array [
                <div>
                  Yes, I'm sure
</div>,
                <div
                  onClick={[Function]}
>
                  No, take me back
</div>,
              ],
              "className": "Two-Grid",
            },
            "ref": null,
            "rendered": Array [
              Object {
                "instance": null,
                "key": undefined,
                "nodeType": "host",
                "props": Object {
                  "children": "Yes, I'm sure",
                },
                "ref": null,
                "rendered": "Yes, I'm sure",
                "type": "div",
              },
              Object {
                "instance": null,
                "key": undefined,
                "nodeType": "host",
                "props": Object {
                  "children": "No, take me back",
                  "onClick": [Function],
                },
                "ref": null,
                "rendered": "No, take me back",
                "type": "div",
              },
            ],
            "type": "div",
          },
        ],
        "type": "div",
      },
      "type": "div",
    },
    "type": "div",
  },
  Symbol(enzyme.__nodes__): Array [
    Object {
      "instance": null,
      "key": undefined,
      "nodeType": "host",
      "props": Object {
        "children": <div
          className="Panel-Container"
>
          <div
                    className="Delete-Account-Panel"
          >
                    <div
                              className="Title"
                    >
                              Are you sure? You will lose all associated data and there is no way to retrieve this again.
                    </div>
                    <div
                              className="Two-Grid"
                    >
                              <div>
                                        Yes, I'm sure
                              </div>
                              <div
                                        onClick={[Function]}
                              >
                                        No, take me back
                              </div>
                    </div>
          </div>
</div>,
        "className": "Panel",
      },
      "ref": null,
      "rendered": Object {
        "instance": null,
        "key": undefined,
        "nodeType": "host",
        "props": Object {
          "children": <div
            className="Delete-Account-Panel"
>
            <div
                        className="Title"
            >
                        Are you sure? You will lose all associated data and there is no way to retrieve this again.
            </div>
            <div
                        className="Two-Grid"
            >
                        <div>
                                    Yes, I'm sure
                        </div>
                        <div
                                    onClick={[Function]}
                        >
                                    No, take me back
                        </div>
            </div>
</div>,
          "className": "Panel-Container",
        },
        "ref": null,
        "rendered": Object {
          "instance": null,
          "key": undefined,
          "nodeType": "host",
          "props": Object {
            "children": Array [
              <div
                className="Title"
>
                Are you sure? You will lose all associated data and there is no way to retrieve this again.
</div>,
              <div
                className="Two-Grid"
>
                <div>
                                Yes, I'm sure
                </div>
                <div
                                onClick={[Function]}
                >
                                No, take me back
                </div>
</div>,
            ],
            "className": "Delete-Account-Panel",
          },
          "ref": null,
          "rendered": Array [
            Object {
              "instance": null,
              "key": undefined,
              "nodeType": "host",
              "props": Object {
                "children": "Are you sure? You will lose all associated data and there is no way to retrieve this again.",
                "className": "Title",
              },
              "ref": null,
              "rendered": "Are you sure? You will lose all associated data and there is no way to retrieve this again.",
              "type": "div",
            },
            Object {
              "instance": null,
              "key": undefined,
              "nodeType": "host",
              "props": Object {
                "children": Array [
                  <div>
                    Yes, I'm sure
</div>,
                  <div
                    onClick={[Function]}
>
                    No, take me back
</div>,
                ],
                "className": "Two-Grid",
              },
              "ref": null,
              "rendered": Array [
                Object {
                  "instance": null,
                  "key": undefined,
                  "nodeType": "host",
                  "props": Object {
                    "children": "Yes, I'm sure",
                  },
                  "ref": null,
                  "rendered": "Yes, I'm sure",
                  "type": "div",
                },
                Object {
                  "instance": null,
                  "key": undefined,
                  "nodeType": "host",
                  "props": Object {
                    "children": "No, take me back",
                    "onClick": [Function],
                  },
                  "ref": null,
                  "rendered": "No, take me back",
                  "type": "div",
                },
              ],
              "type": "div",
            },
          ],
          "type": "div",
        },
        "type": "div",
      },
      "type": "div",
    },
  ],
  Symbol(enzyme.__options__): Object {
    "adapter": ReactSixteenAdapter {
      "options": Object {
        "enableComponentDidUpdateOnSetState": true,
        "lifecycles": Object {
          "componentDidUpdate": Object {
            "onSetState": true,
          },
          "getDerivedStateFromProps": true,
          "getSnapshotBeforeUpdate": true,
          "setState": Object {
            "skipsComponentDidUpdateOnNullish": true,
          },
        },
      },
    },
    "attachTo": undefined,
    "hydrateIn": undefined,
  },
}
`;
