// Jest Snapshot v1, https://goo.gl/fbAQLP

exports[`Navbar should render component 1`] = `
ShallowWrapper {
  Symbol(enzyme.__root__): [Circular],
  Symbol(enzyme.__unrendered__): <Navbar />,
  Symbol(enzyme.__renderer__): Object {
    "batchedUpdates": [Function],
    "getNode": [Function],
    "render": [Function],
    "simulateError": [Function],
    "simulateEvent": [Function],
    "unmount": [Function],
  },
  Symbol(enzyme.__node__): Object {
    "instance": null,
    "key": undefined,
    "nodeType": "host",
    "props": Object {
      "children": Array [
        <div
          className="NavList"
>
          <div
                    className="Options"
          >
                    <div
                              className="Settings"
                    >
                              <img
                                        onClick={[Function]}
                                        src="settings.svg"
                              />
                    </div>
                    <div
                              className="Logout"
                    >
                              <img
                                        onClick={[Function]}
                                        src="logout.svg"
                              />
                    </div>
          </div>
</div>,
        <div
          className="Logger-Title"
>
          <span
                    onClick={[Function]}
          >
                    Logger
          </span>
</div>,
      ],
      "className": "Navbar",
    },
    "ref": null,
    "rendered": Array [
      Object {
        "instance": null,
        "key": undefined,
        "nodeType": "host",
        "props": Object {
          "children": <div
            className="Options"
>
            <div
                        className="Settings"
            >
                        <img
                                    onClick={[Function]}
                                    src="settings.svg"
                        />
            </div>
            <div
                        className="Logout"
            >
                        <img
                                    onClick={[Function]}
                                    src="logout.svg"
                        />
            </div>
</div>,
          "className": "NavList",
        },
        "ref": null,
        "rendered": Object {
          "instance": null,
          "key": undefined,
          "nodeType": "host",
          "props": Object {
            "children": Array [
              <div
                className="Settings"
>
                <img
                                onClick={[Function]}
                                src="settings.svg"
                />
</div>,
              <div
                className="Logout"
>
                <img
                                onClick={[Function]}
                                src="logout.svg"
                />
</div>,
            ],
            "className": "Options",
          },
          "ref": null,
          "rendered": Array [
            Object {
              "instance": null,
              "key": undefined,
              "nodeType": "host",
              "props": Object {
                "children": <img
                  onClick={[Function]}
                  src="settings.svg"
/>,
                "className": "Settings",
              },
              "ref": null,
              "rendered": Object {
                "instance": null,
                "key": undefined,
                "nodeType": "host",
                "props": Object {
                  "onClick": [Function],
                  "src": "settings.svg",
                },
                "ref": null,
                "rendered": null,
                "type": "img",
              },
              "type": "div",
            },
            Object {
              "instance": null,
              "key": undefined,
              "nodeType": "host",
              "props": Object {
                "children": <img
                  onClick={[Function]}
                  src="logout.svg"
/>,
                "className": "Logout",
              },
              "ref": null,
              "rendered": Object {
                "instance": null,
                "key": undefined,
                "nodeType": "host",
                "props": Object {
                  "onClick": [Function],
                  "src": "logout.svg",
                },
                "ref": null,
                "rendered": null,
                "type": "img",
              },
              "type": "div",
            },
          ],
          "type": "div",
        },
        "type": "div",
      },
      Object {
        "instance": null,
        "key": undefined,
        "nodeType": "host",
        "props": Object {
          "children": <span
            onClick={[Function]}
>
            Logger
</span>,
          "className": "Logger-Title",
        },
        "ref": null,
        "rendered": Object {
          "instance": null,
          "key": undefined,
          "nodeType": "host",
          "props": Object {
            "children": "Logger",
            "onClick": [Function],
          },
          "ref": null,
          "rendered": "Logger",
          "type": "span",
        },
        "type": "div",
      },
    ],
    "type": "div",
  },
  Symbol(enzyme.__nodes__): Array [
    Object {
      "instance": null,
      "key": undefined,
      "nodeType": "host",
      "props": Object {
        "children": Array [
          <div
            className="NavList"
>
            <div
                        className="Options"
            >
                        <div
                                    className="Settings"
                        >
                                    <img
                                                onClick={[Function]}
                                                src="settings.svg"
                                    />
                        </div>
                        <div
                                    className="Logout"
                        >
                                    <img
                                                onClick={[Function]}
                                                src="logout.svg"
                                    />
                        </div>
            </div>
</div>,
          <div
            className="Logger-Title"
>
            <span
                        onClick={[Function]}
            >
                        Logger
            </span>
</div>,
        ],
        "className": "Navbar",
      },
      "ref": null,
      "rendered": Array [
        Object {
          "instance": null,
          "key": undefined,
          "nodeType": "host",
          "props": Object {
            "children": <div
              className="Options"
>
              <div
                            className="Settings"
              >
                            <img
                                          onClick={[Function]}
                                          src="settings.svg"
                            />
              </div>
              <div
                            className="Logout"
              >
                            <img
                                          onClick={[Function]}
                                          src="logout.svg"
                            />
              </div>
</div>,
            "className": "NavList",
          },
          "ref": null,
          "rendered": Object {
            "instance": null,
            "key": undefined,
            "nodeType": "host",
            "props": Object {
              "children": Array [
                <div
                  className="Settings"
>
                  <img
                                    onClick={[Function]}
                                    src="settings.svg"
                  />
</div>,
                <div
                  className="Logout"
>
                  <img
                                    onClick={[Function]}
                                    src="logout.svg"
                  />
</div>,
              ],
              "className": "Options",
            },
            "ref": null,
            "rendered": Array [
              Object {
                "instance": null,
                "key": undefined,
                "nodeType": "host",
                "props": Object {
                  "children": <img
                    onClick={[Function]}
                    src="settings.svg"
/>,
                  "className": "Settings",
                },
                "ref": null,
                "rendered": Object {
                  "instance": null,
                  "key": undefined,
                  "nodeType": "host",
                  "props": Object {
                    "onClick": [Function],
                    "src": "settings.svg",
                  },
                  "ref": null,
                  "rendered": null,
                  "type": "img",
                },
                "type": "div",
              },
              Object {
                "instance": null,
                "key": undefined,
                "nodeType": "host",
                "props": Object {
                  "children": <img
                    onClick={[Function]}
                    src="logout.svg"
/>,
                  "className": "Logout",
                },
                "ref": null,
                "rendered": Object {
                  "instance": null,
                  "key": undefined,
                  "nodeType": "host",
                  "props": Object {
                    "onClick": [Function],
                    "src": "logout.svg",
                  },
                  "ref": null,
                  "rendered": null,
                  "type": "img",
                },
                "type": "div",
              },
            ],
            "type": "div",
          },
          "type": "div",
        },
        Object {
          "instance": null,
          "key": undefined,
          "nodeType": "host",
          "props": Object {
            "children": <span
              onClick={[Function]}
>
              Logger
</span>,
            "className": "Logger-Title",
          },
          "ref": null,
          "rendered": Object {
            "instance": null,
            "key": undefined,
            "nodeType": "host",
            "props": Object {
              "children": "Logger",
              "onClick": [Function],
            },
            "ref": null,
            "rendered": "Logger",
            "type": "span",
          },
          "type": "div",
        },
      ],
      "type": "div",
    },
  ],
  Symbol(enzyme.__options__): Object {
    "adapter": ReactSixteenAdapter {
      "options": Object {
        "enableComponentDidUpdateOnSetState": true,
        "lifecycles": Object {
          "componentDidUpdate": Object {
            "onSetState": true,
          },
          "getDerivedStateFromProps": true,
          "getSnapshotBeforeUpdate": true,
          "setState": Object {
            "skipsComponentDidUpdateOnNullish": true,
          },
        },
      },
    },
    "attachTo": undefined,
    "hydrateIn": undefined,
  },
}
`;
