// Jest Snapshot v1, https://goo.gl/fbAQLP

exports[`NetflixPanel should render component 1`] = `
ShallowWrapper {
  Symbol(enzyme.__root__): [Circular],
  Symbol(enzyme.__unrendered__): <NetflixPanel />,
  Symbol(enzyme.__renderer__): Object {
    "batchedUpdates": [Function],
    "getNode": [Function],
    "render": [Function],
    "simulateError": [Function],
    "simulateEvent": [Function],
    "unmount": [Function],
  },
  Symbol(enzyme.__node__): Object {
    "instance": null,
    "key": undefined,
    "nodeType": "host",
    "props": Object {
      "children": <div
        className="panel-container"
>
        <div
                className="panel-netflix"
        >
                <DataNav />
                <div
                        className="panel-center-content"
                >
                        <h1>
                                Netflix Page
                        </h1>
                        <h3>
                                Time Spent Watching TV -
                        </h3>
                        <div>
                                ...
                        </div>
                        <h3>
                                Time Spent Watching Movies -
                        </h3>
                        <div>
                                ...
                        </div>
                        <h3>
                                Number of TV Shows Watched -
                        </h3>
                        <div>
                                ...
                        </div>
                        <h3>
                                Number of Movies Watched -
                        </h3>
                        <div>
                                ...
                        </div>
                </div>
        </div>
</div>,
      "className": "panel",
    },
    "ref": null,
    "rendered": Object {
      "instance": null,
      "key": undefined,
      "nodeType": "host",
      "props": Object {
        "children": <div
          className="panel-netflix"
>
          <DataNav />
          <div
                    className="panel-center-content"
          >
                    <h1>
                              Netflix Page
                    </h1>
                    <h3>
                              Time Spent Watching TV -
                    </h3>
                    <div>
                              ...
                    </div>
                    <h3>
                              Time Spent Watching Movies -
                    </h3>
                    <div>
                              ...
                    </div>
                    <h3>
                              Number of TV Shows Watched -
                    </h3>
                    <div>
                              ...
                    </div>
                    <h3>
                              Number of Movies Watched -
                    </h3>
                    <div>
                              ...
                    </div>
          </div>
</div>,
        "className": "panel-container",
      },
      "ref": null,
      "rendered": Object {
        "instance": null,
        "key": undefined,
        "nodeType": "host",
        "props": Object {
          "children": Array [
            <DataNav />,
            <div
              className="panel-center-content"
>
              <h1>
                            Netflix Page
              </h1>
              <h3>
                            Time Spent Watching TV -
              </h3>
              <div>
                            ...
              </div>
              <h3>
                            Time Spent Watching Movies -
              </h3>
              <div>
                            ...
              </div>
              <h3>
                            Number of TV Shows Watched -
              </h3>
              <div>
                            ...
              </div>
              <h3>
                            Number of Movies Watched -
              </h3>
              <div>
                            ...
              </div>
</div>,
          ],
          "className": "panel-netflix",
        },
        "ref": null,
        "rendered": Array [
          Object {
            "instance": null,
            "key": undefined,
            "nodeType": "class",
            "props": Object {},
            "ref": null,
            "rendered": null,
            "type": [Function],
          },
          Object {
            "instance": null,
            "key": undefined,
            "nodeType": "host",
            "props": Object {
              "children": Array [
                <h1>
                  Netflix Page
</h1>,
                <h3>
                  Time Spent Watching TV -
</h3>,
                <div>
                  ...
</div>,
                <h3>
                  Time Spent Watching Movies -
</h3>,
                <div>
                  ...
</div>,
                <h3>
                  Number of TV Shows Watched -
</h3>,
                <div>
                  ...
</div>,
                <h3>
                  Number of Movies Watched -
</h3>,
                <div>
                  ...
</div>,
              ],
              "className": "panel-center-content",
            },
            "ref": null,
            "rendered": Array [
              Object {
                "instance": null,
                "key": undefined,
                "nodeType": "host",
                "props": Object {
                  "children": "Netflix Page",
                },
                "ref": null,
                "rendered": "Netflix Page",
                "type": "h1",
              },
              Object {
                "instance": null,
                "key": undefined,
                "nodeType": "host",
                "props": Object {
                  "children": "Time Spent Watching TV -",
                },
                "ref": null,
                "rendered": "Time Spent Watching TV -",
                "type": "h3",
              },
              Object {
                "instance": null,
                "key": undefined,
                "nodeType": "host",
                "props": Object {
                  "children": "...",
                },
                "ref": null,
                "rendered": "...",
                "type": "div",
              },
              Object {
                "instance": null,
                "key": undefined,
                "nodeType": "host",
                "props": Object {
                  "children": "Time Spent Watching Movies -",
                },
                "ref": null,
                "rendered": "Time Spent Watching Movies -",
                "type": "h3",
              },
              Object {
                "instance": null,
                "key": undefined,
                "nodeType": "host",
                "props": Object {
                  "children": "...",
                },
                "ref": null,
                "rendered": "...",
                "type": "div",
              },
              Object {
                "instance": null,
                "key": undefined,
                "nodeType": "host",
                "props": Object {
                  "children": "Number of TV Shows Watched -",
                },
                "ref": null,
                "rendered": "Number of TV Shows Watched -",
                "type": "h3",
              },
              Object {
                "instance": null,
                "key": undefined,
                "nodeType": "host",
                "props": Object {
                  "children": "...",
                },
                "ref": null,
                "rendered": "...",
                "type": "div",
              },
              Object {
                "instance": null,
                "key": undefined,
                "nodeType": "host",
                "props": Object {
                  "children": "Number of Movies Watched -",
                },
                "ref": null,
                "rendered": "Number of Movies Watched -",
                "type": "h3",
              },
              Object {
                "instance": null,
                "key": undefined,
                "nodeType": "host",
                "props": Object {
                  "children": "...",
                },
                "ref": null,
                "rendered": "...",
                "type": "div",
              },
            ],
            "type": "div",
          },
        ],
        "type": "div",
      },
      "type": "div",
    },
    "type": "div",
  },
  Symbol(enzyme.__nodes__): Array [
    Object {
      "instance": null,
      "key": undefined,
      "nodeType": "host",
      "props": Object {
        "children": <div
          className="panel-container"
>
          <div
                    className="panel-netflix"
          >
                    <DataNav />
                    <div
                              className="panel-center-content"
                    >
                              <h1>
                                        Netflix Page
                              </h1>
                              <h3>
                                        Time Spent Watching TV -
                              </h3>
                              <div>
                                        ...
                              </div>
                              <h3>
                                        Time Spent Watching Movies -
                              </h3>
                              <div>
                                        ...
                              </div>
                              <h3>
                                        Number of TV Shows Watched -
                              </h3>
                              <div>
                                        ...
                              </div>
                              <h3>
                                        Number of Movies Watched -
                              </h3>
                              <div>
                                        ...
                              </div>
                    </div>
          </div>
</div>,
        "className": "panel",
      },
      "ref": null,
      "rendered": Object {
        "instance": null,
        "key": undefined,
        "nodeType": "host",
        "props": Object {
          "children": <div
            className="panel-netflix"
>
            <DataNav />
            <div
                        className="panel-center-content"
            >
                        <h1>
                                    Netflix Page
                        </h1>
                        <h3>
                                    Time Spent Watching TV -
                        </h3>
                        <div>
                                    ...
                        </div>
                        <h3>
                                    Time Spent Watching Movies -
                        </h3>
                        <div>
                                    ...
                        </div>
                        <h3>
                                    Number of TV Shows Watched -
                        </h3>
                        <div>
                                    ...
                        </div>
                        <h3>
                                    Number of Movies Watched -
                        </h3>
                        <div>
                                    ...
                        </div>
            </div>
</div>,
          "className": "panel-container",
        },
        "ref": null,
        "rendered": Object {
          "instance": null,
          "key": undefined,
          "nodeType": "host",
          "props": Object {
            "children": Array [
              <DataNav />,
              <div
                className="panel-center-content"
>
                <h1>
                                Netflix Page
                </h1>
                <h3>
                                Time Spent Watching TV -
                </h3>
                <div>
                                ...
                </div>
                <h3>
                                Time Spent Watching Movies -
                </h3>
                <div>
                                ...
                </div>
                <h3>
                                Number of TV Shows Watched -
                </h3>
                <div>
                                ...
                </div>
                <h3>
                                Number of Movies Watched -
                </h3>
                <div>
                                ...
                </div>
</div>,
            ],
            "className": "panel-netflix",
          },
          "ref": null,
          "rendered": Array [
            Object {
              "instance": null,
              "key": undefined,
              "nodeType": "class",
              "props": Object {},
              "ref": null,
              "rendered": null,
              "type": [Function],
            },
            Object {
              "instance": null,
              "key": undefined,
              "nodeType": "host",
              "props": Object {
                "children": Array [
                  <h1>
                    Netflix Page
</h1>,
                  <h3>
                    Time Spent Watching TV -
</h3>,
                  <div>
                    ...
</div>,
                  <h3>
                    Time Spent Watching Movies -
</h3>,
                  <div>
                    ...
</div>,
                  <h3>
                    Number of TV Shows Watched -
</h3>,
                  <div>
                    ...
</div>,
                  <h3>
                    Number of Movies Watched -
</h3>,
                  <div>
                    ...
</div>,
                ],
                "className": "panel-center-content",
              },
              "ref": null,
              "rendered": Array [
                Object {
                  "instance": null,
                  "key": undefined,
                  "nodeType": "host",
                  "props": Object {
                    "children": "Netflix Page",
                  },
                  "ref": null,
                  "rendered": "Netflix Page",
                  "type": "h1",
                },
                Object {
                  "instance": null,
                  "key": undefined,
                  "nodeType": "host",
                  "props": Object {
                    "children": "Time Spent Watching TV -",
                  },
                  "ref": null,
                  "rendered": "Time Spent Watching TV -",
                  "type": "h3",
                },
                Object {
                  "instance": null,
                  "key": undefined,
                  "nodeType": "host",
                  "props": Object {
                    "children": "...",
                  },
                  "ref": null,
                  "rendered": "...",
                  "type": "div",
                },
                Object {
                  "instance": null,
                  "key": undefined,
                  "nodeType": "host",
                  "props": Object {
                    "children": "Time Spent Watching Movies -",
                  },
                  "ref": null,
                  "rendered": "Time Spent Watching Movies -",
                  "type": "h3",
                },
                Object {
                  "instance": null,
                  "key": undefined,
                  "nodeType": "host",
                  "props": Object {
                    "children": "...",
                  },
                  "ref": null,
                  "rendered": "...",
                  "type": "div",
                },
                Object {
                  "instance": null,
                  "key": undefined,
                  "nodeType": "host",
                  "props": Object {
                    "children": "Number of TV Shows Watched -",
                  },
                  "ref": null,
                  "rendered": "Number of TV Shows Watched -",
                  "type": "h3",
                },
                Object {
                  "instance": null,
                  "key": undefined,
                  "nodeType": "host",
                  "props": Object {
                    "children": "...",
                  },
                  "ref": null,
                  "rendered": "...",
                  "type": "div",
                },
                Object {
                  "instance": null,
                  "key": undefined,
                  "nodeType": "host",
                  "props": Object {
                    "children": "Number of Movies Watched -",
                  },
                  "ref": null,
                  "rendered": "Number of Movies Watched -",
                  "type": "h3",
                },
                Object {
                  "instance": null,
                  "key": undefined,
                  "nodeType": "host",
                  "props": Object {
                    "children": "...",
                  },
                  "ref": null,
                  "rendered": "...",
                  "type": "div",
                },
              ],
              "type": "div",
            },
          ],
          "type": "div",
        },
        "type": "div",
      },
      "type": "div",
    },
  ],
  Symbol(enzyme.__options__): Object {
    "adapter": ReactSixteenAdapter {
      "options": Object {
        "enableComponentDidUpdateOnSetState": true,
        "lifecycles": Object {
          "componentDidUpdate": Object {
            "onSetState": true,
          },
          "getDerivedStateFromProps": true,
          "getSnapshotBeforeUpdate": true,
          "setState": Object {
            "skipsComponentDidUpdateOnNullish": true,
          },
        },
      },
    },
    "attachTo": undefined,
    "hydrateIn": undefined,
  },
}
`;
