// Jest Snapshot v1, https://goo.gl/fbAQLP

exports[`PreferencePanel should render component 1`] = `
ShallowWrapper {
  Symbol(enzyme.__root__): [Circular],
  Symbol(enzyme.__unrendered__): <PreferencePanel />,
  Symbol(enzyme.__renderer__): Object {
    "batchedUpdates": [Function],
    "getNode": [Function],
    "render": [Function],
    "simulateError": [Function],
    "simulateEvent": [Function],
    "unmount": [Function],
  },
  Symbol(enzyme.__node__): Object {
    "instance": null,
    "key": undefined,
    "nodeType": "host",
    "props": Object {
      "children": <div
        className="panel-container"
>
        <div
                className="panel-preference"
        >
                <div
                        className="panel-left-nav"
                />
                <div
                        className="panel-center-content"
                >
                        <div
                                onClick={[Function]}
                        >
                                Set Logger Filters
                        </div>
                        <div
                                className="delete-account"
                                onClick={[Function]}
                        >
                                Delete Account
                        </div>
                </div>
                <div
                        className="panel-right-nav"
                >
                        <div
                                className="exit-nav"
                                onClick={[Function]}
                        >
                                <img
                                        src="x.svg"
                                />
                        </div>
                </div>
        </div>
</div>,
      "className": "panel",
    },
    "ref": null,
    "rendered": Object {
      "instance": null,
      "key": undefined,
      "nodeType": "host",
      "props": Object {
        "children": <div
          className="panel-preference"
>
          <div
                    className="panel-left-nav"
          />
          <div
                    className="panel-center-content"
          >
                    <div
                              onClick={[Function]}
                    >
                              Set Logger Filters
                    </div>
                    <div
                              className="delete-account"
                              onClick={[Function]}
                    >
                              Delete Account
                    </div>
          </div>
          <div
                    className="panel-right-nav"
          >
                    <div
                              className="exit-nav"
                              onClick={[Function]}
                    >
                              <img
                                        src="x.svg"
                              />
                    </div>
          </div>
</div>,
        "className": "panel-container",
      },
      "ref": null,
      "rendered": Object {
        "instance": null,
        "key": undefined,
        "nodeType": "host",
        "props": Object {
          "children": Array [
            <div
              className="panel-left-nav"
/>,
            <div
              className="panel-center-content"
>
              <div
                            onClick={[Function]}
              >
                            Set Logger Filters
              </div>
              <div
                            className="delete-account"
                            onClick={[Function]}
              >
                            Delete Account
              </div>
</div>,
            <div
              className="panel-right-nav"
>
              <div
                            className="exit-nav"
                            onClick={[Function]}
              >
                            <img
                                          src="x.svg"
                            />
              </div>
</div>,
          ],
          "className": "panel-preference",
        },
        "ref": null,
        "rendered": Array [
          Object {
            "instance": null,
            "key": undefined,
            "nodeType": "host",
            "props": Object {
              "className": "panel-left-nav",
            },
            "ref": null,
            "rendered": null,
            "type": "div",
          },
          Object {
            "instance": null,
            "key": undefined,
            "nodeType": "host",
            "props": Object {
              "children": Array [
                <div
                  onClick={[Function]}
>
                  Set Logger Filters
</div>,
                <div
                  className="delete-account"
                  onClick={[Function]}
>
                  Delete Account
</div>,
              ],
              "className": "panel-center-content",
            },
            "ref": null,
            "rendered": Array [
              Object {
                "instance": null,
                "key": undefined,
                "nodeType": "host",
                "props": Object {
                  "children": "Set Logger Filters",
                  "onClick": [Function],
                },
                "ref": null,
                "rendered": "Set Logger Filters",
                "type": "div",
              },
              Object {
                "instance": null,
                "key": undefined,
                "nodeType": "host",
                "props": Object {
                  "children": "Delete Account",
                  "className": "delete-account",
                  "onClick": [Function],
                },
                "ref": null,
                "rendered": "Delete Account",
                "type": "div",
              },
            ],
            "type": "div",
          },
          Object {
            "instance": null,
            "key": undefined,
            "nodeType": "host",
            "props": Object {
              "children": <div
                className="exit-nav"
                onClick={[Function]}
>
                <img
                                src="x.svg"
                />
</div>,
              "className": "panel-right-nav",
            },
            "ref": null,
            "rendered": Object {
              "instance": null,
              "key": undefined,
              "nodeType": "host",
              "props": Object {
                "children": <img
                  src="x.svg"
/>,
                "className": "exit-nav",
                "onClick": [Function],
              },
              "ref": null,
              "rendered": Object {
                "instance": null,
                "key": undefined,
                "nodeType": "host",
                "props": Object {
                  "src": "x.svg",
                },
                "ref": null,
                "rendered": null,
                "type": "img",
              },
              "type": "div",
            },
            "type": "div",
          },
        ],
        "type": "div",
      },
      "type": "div",
    },
    "type": "div",
  },
  Symbol(enzyme.__nodes__): Array [
    Object {
      "instance": null,
      "key": undefined,
      "nodeType": "host",
      "props": Object {
        "children": <div
          className="panel-container"
>
          <div
                    className="panel-preference"
          >
                    <div
                              className="panel-left-nav"
                    />
                    <div
                              className="panel-center-content"
                    >
                              <div
                                        onClick={[Function]}
                              >
                                        Set Logger Filters
                              </div>
                              <div
                                        className="delete-account"
                                        onClick={[Function]}
                              >
                                        Delete Account
                              </div>
                    </div>
                    <div
                              className="panel-right-nav"
                    >
                              <div
                                        className="exit-nav"
                                        onClick={[Function]}
                              >
                                        <img
                                                  src="x.svg"
                                        />
                              </div>
                    </div>
          </div>
</div>,
        "className": "panel",
      },
      "ref": null,
      "rendered": Object {
        "instance": null,
        "key": undefined,
        "nodeType": "host",
        "props": Object {
          "children": <div
            className="panel-preference"
>
            <div
                        className="panel-left-nav"
            />
            <div
                        className="panel-center-content"
            >
                        <div
                                    onClick={[Function]}
                        >
                                    Set Logger Filters
                        </div>
                        <div
                                    className="delete-account"
                                    onClick={[Function]}
                        >
                                    Delete Account
                        </div>
            </div>
            <div
                        className="panel-right-nav"
            >
                        <div
                                    className="exit-nav"
                                    onClick={[Function]}
                        >
                                    <img
                                                src="x.svg"
                                    />
                        </div>
            </div>
</div>,
          "className": "panel-container",
        },
        "ref": null,
        "rendered": Object {
          "instance": null,
          "key": undefined,
          "nodeType": "host",
          "props": Object {
            "children": Array [
              <div
                className="panel-left-nav"
/>,
              <div
                className="panel-center-content"
>
                <div
                                onClick={[Function]}
                >
                                Set Logger Filters
                </div>
                <div
                                className="delete-account"
                                onClick={[Function]}
                >
                                Delete Account
                </div>
</div>,
              <div
                className="panel-right-nav"
>
                <div
                                className="exit-nav"
                                onClick={[Function]}
                >
                                <img
                                                src="x.svg"
                                />
                </div>
</div>,
            ],
            "className": "panel-preference",
          },
          "ref": null,
          "rendered": Array [
            Object {
              "instance": null,
              "key": undefined,
              "nodeType": "host",
              "props": Object {
                "className": "panel-left-nav",
              },
              "ref": null,
              "rendered": null,
              "type": "div",
            },
            Object {
              "instance": null,
              "key": undefined,
              "nodeType": "host",
              "props": Object {
                "children": Array [
                  <div
                    onClick={[Function]}
>
                    Set Logger Filters
</div>,
                  <div
                    className="delete-account"
                    onClick={[Function]}
>
                    Delete Account
</div>,
                ],
                "className": "panel-center-content",
              },
              "ref": null,
              "rendered": Array [
                Object {
                  "instance": null,
                  "key": undefined,
                  "nodeType": "host",
                  "props": Object {
                    "children": "Set Logger Filters",
                    "onClick": [Function],
                  },
                  "ref": null,
                  "rendered": "Set Logger Filters",
                  "type": "div",
                },
                Object {
                  "instance": null,
                  "key": undefined,
                  "nodeType": "host",
                  "props": Object {
                    "children": "Delete Account",
                    "className": "delete-account",
                    "onClick": [Function],
                  },
                  "ref": null,
                  "rendered": "Delete Account",
                  "type": "div",
                },
              ],
              "type": "div",
            },
            Object {
              "instance": null,
              "key": undefined,
              "nodeType": "host",
              "props": Object {
                "children": <div
                  className="exit-nav"
                  onClick={[Function]}
>
                  <img
                                    src="x.svg"
                  />
</div>,
                "className": "panel-right-nav",
              },
              "ref": null,
              "rendered": Object {
                "instance": null,
                "key": undefined,
                "nodeType": "host",
                "props": Object {
                  "children": <img
                    src="x.svg"
/>,
                  "className": "exit-nav",
                  "onClick": [Function],
                },
                "ref": null,
                "rendered": Object {
                  "instance": null,
                  "key": undefined,
                  "nodeType": "host",
                  "props": Object {
                    "src": "x.svg",
                  },
                  "ref": null,
                  "rendered": null,
                  "type": "img",
                },
                "type": "div",
              },
              "type": "div",
            },
          ],
          "type": "div",
        },
        "type": "div",
      },
      "type": "div",
    },
  ],
  Symbol(enzyme.__options__): Object {
    "adapter": ReactSixteenAdapter {
      "options": Object {
        "enableComponentDidUpdateOnSetState": true,
        "lifecycles": Object {
          "componentDidUpdate": Object {
            "onSetState": true,
          },
          "getDerivedStateFromProps": true,
          "getSnapshotBeforeUpdate": true,
          "setState": Object {
            "skipsComponentDidUpdateOnNullish": true,
          },
        },
      },
    },
    "attachTo": undefined,
    "hydrateIn": undefined,
  },
}
`;
