// Jest Snapshot v1, https://goo.gl/fbAQLP

exports[`Retrieve user reddit data renders correctly 1`] = `
ShallowWrapper {
  Symbol(enzyme.__root__): [Circular],
  Symbol(enzyme.__unrendered__): <RedditPanel
    data={
        Object {
            "gifs": Object {
              "time": 4634,
            },
            "news": Object {
              "time": 9678,
            },
            "sports": Object {
              "time": 1555,
            },
            "todayilearned": Object {
              "time": 8818,
            },
          }
    }
/>,
  Symbol(enzyme.__renderer__): Object {
    "batchedUpdates": [Function],
    "getNode": [Function],
    "render": [Function],
    "simulateError": [Function],
    "simulateEvent": [Function],
    "unmount": [Function],
  },
  Symbol(enzyme.__node__): Object {
    "instance": null,
    "key": undefined,
    "nodeType": "host",
    "props": Object {
      "children": <div
        className="panel-container"
>
        <div
                className="panel-reddit"
        >
                <DataNav
                        data={
                                Object {
                                        "gifs": Object {
                                          "time": 4634,
                                        },
                                        "news": Object {
                                          "time": 9678,
                                        },
                                        "sports": Object {
                                          "time": 1555,
                                        },
                                        "todayilearned": Object {
                                          "time": 8818,
                                        },
                                      }
                        }
                />
                <div
                        className="panel-center-content"
                >
                        <h1>
                                Reddit
                        </h1>
                        <table
                                border="1px solid black"
                        >
                                <tr>
                                        <th>
                                                Subreddit
                                        </th>
                                        <th>
                                                Time Spent
                                        </th>
                                        <th>
                                                Delete
                                        </th>
                                </tr>
                        </table>
                </div>
        </div>
</div>,
      "className": "panel",
    },
    "ref": null,
    "rendered": Object {
      "instance": null,
      "key": undefined,
      "nodeType": "host",
      "props": Object {
        "children": <div
          className="panel-reddit"
>
          <DataNav
                    data={
                              Object {
                                        "gifs": Object {
                                          "time": 4634,
                                        },
                                        "news": Object {
                                          "time": 9678,
                                        },
                                        "sports": Object {
                                          "time": 1555,
                                        },
                                        "todayilearned": Object {
                                          "time": 8818,
                                        },
                                      }
                    }
          />
          <div
                    className="panel-center-content"
          >
                    <h1>
                              Reddit
                    </h1>
                    <table
                              border="1px solid black"
                    >
                              <tr>
                                        <th>
                                                  Subreddit
                                        </th>
                                        <th>
                                                  Time Spent
                                        </th>
                                        <th>
                                                  Delete
                                        </th>
                              </tr>
                    </table>
          </div>
</div>,
        "className": "panel-container",
      },
      "ref": null,
      "rendered": Object {
        "instance": null,
        "key": undefined,
        "nodeType": "host",
        "props": Object {
          "children": Array [
            <DataNav
              data={
                            Object {
                                          "gifs": Object {
                                            "time": 4634,
                                          },
                                          "news": Object {
                                            "time": 9678,
                                          },
                                          "sports": Object {
                                            "time": 1555,
                                          },
                                          "todayilearned": Object {
                                            "time": 8818,
                                          },
                                        }
              }
/>,
            <div
              className="panel-center-content"
>
              <h1>
                            Reddit
              </h1>
              <table
                            border="1px solid black"
              >
                            <tr>
                                          <th>
                                                        Subreddit
                                          </th>
                                          <th>
                                                        Time Spent
                                          </th>
                                          <th>
                                                        Delete
                                          </th>
                            </tr>
              </table>
</div>,
          ],
          "className": "panel-reddit",
        },
        "ref": null,
        "rendered": Array [
          Object {
            "instance": null,
            "key": undefined,
            "nodeType": "class",
            "props": Object {
              "data": Object {
                "gifs": Object {
                  "time": 4634,
                },
                "news": Object {
                  "time": 9678,
                },
                "sports": Object {
                  "time": 1555,
                },
                "todayilearned": Object {
                  "time": 8818,
                },
              },
            },
            "ref": null,
            "rendered": null,
            "type": [Function],
          },
          Object {
            "instance": null,
            "key": undefined,
            "nodeType": "host",
            "props": Object {
              "children": Array [
                <h1>
                  Reddit
</h1>,
                <table
                  border="1px solid black"
>
                  <tr>
                                    <th>
                                                      Subreddit
                                    </th>
                                    <th>
                                                      Time Spent
                                    </th>
                                    <th>
                                                      Delete
                                    </th>
                  </tr>
</table>,
              ],
              "className": "panel-center-content",
            },
            "ref": null,
            "rendered": Array [
              Object {
                "instance": null,
                "key": undefined,
                "nodeType": "host",
                "props": Object {
                  "children": "Reddit",
                },
                "ref": null,
                "rendered": "Reddit",
                "type": "h1",
              },
              Object {
                "instance": null,
                "key": undefined,
                "nodeType": "host",
                "props": Object {
                  "border": "1px solid black",
                  "children": Array [
                    <tr>
                      <th>
                                            Subreddit
                      </th>
                      <th>
                                            Time Spent
                      </th>
                      <th>
                                            Delete
                      </th>
</tr>,
                    Array [],
                  ],
                },
                "ref": null,
                "rendered": Array [
                  Object {
                    "instance": null,
                    "key": undefined,
                    "nodeType": "host",
                    "props": Object {
                      "children": Array [
                        <th>
                          Subreddit
</th>,
                        <th>
                          Time Spent
</th>,
                        <th>
                          Delete
</th>,
                      ],
                    },
                    "ref": null,
                    "rendered": Array [
                      Object {
                        "instance": null,
                        "key": undefined,
                        "nodeType": "host",
                        "props": Object {
                          "children": "Subreddit",
                        },
                        "ref": null,
                        "rendered": "Subreddit",
                        "type": "th",
                      },
                      Object {
                        "instance": null,
                        "key": undefined,
                        "nodeType": "host",
                        "props": Object {
                          "children": "Time Spent",
                        },
                        "ref": null,
                        "rendered": "Time Spent",
                        "type": "th",
                      },
                      Object {
                        "instance": null,
                        "key": undefined,
                        "nodeType": "host",
                        "props": Object {
                          "children": "Delete",
                        },
                        "ref": null,
                        "rendered": "Delete",
                        "type": "th",
                      },
                    ],
                    "type": "tr",
                  },
                ],
                "type": "table",
              },
            ],
            "type": "div",
          },
        ],
        "type": "div",
      },
      "type": "div",
    },
    "type": "div",
  },
  Symbol(enzyme.__nodes__): Array [
    Object {
      "instance": null,
      "key": undefined,
      "nodeType": "host",
      "props": Object {
        "children": <div
          className="panel-container"
>
          <div
                    className="panel-reddit"
          >
                    <DataNav
                              data={
                                        Object {
                                                  "gifs": Object {
                                                    "time": 4634,
                                                  },
                                                  "news": Object {
                                                    "time": 9678,
                                                  },
                                                  "sports": Object {
                                                    "time": 1555,
                                                  },
                                                  "todayilearned": Object {
                                                    "time": 8818,
                                                  },
                                                }
                              }
                    />
                    <div
                              className="panel-center-content"
                    >
                              <h1>
                                        Reddit
                              </h1>
                              <table
                                        border="1px solid black"
                              >
                                        <tr>
                                                  <th>
                                                            Subreddit
                                                  </th>
                                                  <th>
                                                            Time Spent
                                                  </th>
                                                  <th>
                                                            Delete
                                                  </th>
                                        </tr>
                              </table>
                    </div>
          </div>
</div>,
        "className": "panel",
      },
      "ref": null,
      "rendered": Object {
        "instance": null,
        "key": undefined,
        "nodeType": "host",
        "props": Object {
          "children": <div
            className="panel-reddit"
>
            <DataNav
                        data={
                                    Object {
                                                "gifs": Object {
                                                  "time": 4634,
                                                },
                                                "news": Object {
                                                  "time": 9678,
                                                },
                                                "sports": Object {
                                                  "time": 1555,
                                                },
                                                "todayilearned": Object {
                                                  "time": 8818,
                                                },
                                              }
                        }
            />
            <div
                        className="panel-center-content"
            >
                        <h1>
                                    Reddit
                        </h1>
                        <table
                                    border="1px solid black"
                        >
                                    <tr>
                                                <th>
                                                            Subreddit
                                                </th>
                                                <th>
                                                            Time Spent
                                                </th>
                                                <th>
                                                            Delete
                                                </th>
                                    </tr>
                        </table>
            </div>
</div>,
          "className": "panel-container",
        },
        "ref": null,
        "rendered": Object {
          "instance": null,
          "key": undefined,
          "nodeType": "host",
          "props": Object {
            "children": Array [
              <DataNav
                data={
                                Object {
                                                "gifs": Object {
                                                  "time": 4634,
                                                },
                                                "news": Object {
                                                  "time": 9678,
                                                },
                                                "sports": Object {
                                                  "time": 1555,
                                                },
                                                "todayilearned": Object {
                                                  "time": 8818,
                                                },
                                              }
                }
/>,
              <div
                className="panel-center-content"
>
                <h1>
                                Reddit
                </h1>
                <table
                                border="1px solid black"
                >
                                <tr>
                                                <th>
                                                                Subreddit
                                                </th>
                                                <th>
                                                                Time Spent
                                                </th>
                                                <th>
                                                                Delete
                                                </th>
                                </tr>
                </table>
</div>,
            ],
            "className": "panel-reddit",
          },
          "ref": null,
          "rendered": Array [
            Object {
              "instance": null,
              "key": undefined,
              "nodeType": "class",
              "props": Object {
                "data": Object {
                  "gifs": Object {
                    "time": 4634,
                  },
                  "news": Object {
                    "time": 9678,
                  },
                  "sports": Object {
                    "time": 1555,
                  },
                  "todayilearned": Object {
                    "time": 8818,
                  },
                },
              },
              "ref": null,
              "rendered": null,
              "type": [Function],
            },
            Object {
              "instance": null,
              "key": undefined,
              "nodeType": "host",
              "props": Object {
                "children": Array [
                  <h1>
                    Reddit
</h1>,
                  <table
                    border="1px solid black"
>
                    <tr>
                                        <th>
                                                            Subreddit
                                        </th>
                                        <th>
                                                            Time Spent
                                        </th>
                                        <th>
                                                            Delete
                                        </th>
                    </tr>
</table>,
                ],
                "className": "panel-center-content",
              },
              "ref": null,
              "rendered": Array [
                Object {
                  "instance": null,
                  "key": undefined,
                  "nodeType": "host",
                  "props": Object {
                    "children": "Reddit",
                  },
                  "ref": null,
                  "rendered": "Reddit",
                  "type": "h1",
                },
                Object {
                  "instance": null,
                  "key": undefined,
                  "nodeType": "host",
                  "props": Object {
                    "border": "1px solid black",
                    "children": Array [
                      <tr>
                        <th>
                                                Subreddit
                        </th>
                        <th>
                                                Time Spent
                        </th>
                        <th>
                                                Delete
                        </th>
</tr>,
                      Array [],
                    ],
                  },
                  "ref": null,
                  "rendered": Array [
                    Object {
                      "instance": null,
                      "key": undefined,
                      "nodeType": "host",
                      "props": Object {
                        "children": Array [
                          <th>
                            Subreddit
</th>,
                          <th>
                            Time Spent
</th>,
                          <th>
                            Delete
</th>,
                        ],
                      },
                      "ref": null,
                      "rendered": Array [
                        Object {
                          "instance": null,
                          "key": undefined,
                          "nodeType": "host",
                          "props": Object {
                            "children": "Subreddit",
                          },
                          "ref": null,
                          "rendered": "Subreddit",
                          "type": "th",
                        },
                        Object {
                          "instance": null,
                          "key": undefined,
                          "nodeType": "host",
                          "props": Object {
                            "children": "Time Spent",
                          },
                          "ref": null,
                          "rendered": "Time Spent",
                          "type": "th",
                        },
                        Object {
                          "instance": null,
                          "key": undefined,
                          "nodeType": "host",
                          "props": Object {
                            "children": "Delete",
                          },
                          "ref": null,
                          "rendered": "Delete",
                          "type": "th",
                        },
                      ],
                      "type": "tr",
                    },
                  ],
                  "type": "table",
                },
              ],
              "type": "div",
            },
          ],
          "type": "div",
        },
        "type": "div",
      },
      "type": "div",
    },
  ],
  Symbol(enzyme.__options__): Object {
    "adapter": ReactSixteenAdapter {
      "options": Object {
        "enableComponentDidUpdateOnSetState": true,
        "lifecycles": Object {
          "componentDidUpdate": Object {
            "onSetState": true,
          },
          "getDerivedStateFromProps": true,
          "getSnapshotBeforeUpdate": true,
          "setState": Object {
            "skipsComponentDidUpdateOnNullish": true,
          },
        },
      },
    },
    "attachTo": undefined,
    "hydrateIn": undefined,
  },
}
`;
